// Jest Snapshot v1, https://goo.gl/fbAQLP

exports[`TITLE CONTAINER should match the snapshot 1`] = `
<div
  className="pad"
>
  <div
    className="container-name"
  />
  <div
    className="card-container"
  >
    <Connect(TitleCard)
      key="eef7a903-1726-48c7-860b-feb25587089d"
      title="Venom"
    />
  </div>
</div>
`;
