// Jest Snapshot v1, https://goo.gl/fbAQLP

exports[`LOGIN should match the snapshot 1`] = `undefined`;
