// Jest Snapshot v1, https://goo.gl/fbAQLP

exports[`FEATURE should match the snapshot 1`] = `<div />`;
